#define INFINITY (__int_as_float(0x7f800000))
#define NAN (__int_as_float(0x7fffffff))
template <class T, class F> __device__ __forceinline__ T tg_bitcast(F v) { union U { F f; T t; }; U u; u.f = v; return u.t; }
extern "C" __global__ void __launch_bounds__(1) test(float* data0) {
  for (int Lidx0 = 0; Lidx0 < 10; Lidx0++) {
    float val0 = (*(data0+Lidx0));
    *(data0+Lidx0) = val0;
  }
}
