void r_32_32_32(float* restrict data0_32, float* restrict data1_32768) {
  float acc0[32];
  for (int Lidx2 = 0; Lidx2 < 32; Lidx2++) {
    *(acc0+0) = 0.0f;
    *(acc0+1) = 0.0f;
    *(acc0+2) = 0.0f;
    *(acc0+3) = 0.0f;
    *(acc0+4) = 0.0f;
    *(acc0+5) = 0.0f;
    *(acc0+6) = 0.0f;
    *(acc0+7) = 0.0f;
    *(acc0+8) = 0.0f;
    *(acc0+9) = 0.0f;
    *(acc0+10) = 0.0f;
    *(acc0+11) = 0.0f;
    *(acc0+12) = 0.0f;
    *(acc0+13) = 0.0f;
    *(acc0+14) = 0.0f;
    *(acc0+15) = 0.0f;
    *(acc0+16) = 0.0f;
    *(acc0+17) = 0.0f;
    *(acc0+18) = 0.0f;
    *(acc0+19) = 0.0f;
    *(acc0+20) = 0.0f;
    *(acc0+21) = 0.0f;
    *(acc0+22) = 0.0f;
    *(acc0+23) = 0.0f;
    *(acc0+24) = 0.0f;
    *(acc0+25) = 0.0f;
    *(acc0+26) = 0.0f;
    *(acc0+27) = 0.0f;
    *(acc0+28) = 0.0f;
    *(acc0+29) = 0.0f;
    *(acc0+30) = 0.0f;
    *(acc0+31) = 0.0f;
    for (int Ridx0 = 0; Ridx0 < 32; Ridx0++) {
      int alu32 = ((Lidx2<<10)+Ridx0);
      float val0 = (*(data1_32768+(alu32+64)));
      float val1 = (*(data1_32768+alu32));
      float val2 = (*(data1_32768+(alu32+32)));
      float val3 = (*(data1_32768+(alu32+96)));
      float val4 = (*(data1_32768+(alu32+128)));
      float val5 = (*(data1_32768+(alu32+160)));
      float val6 = (*(data1_32768+(alu32+192)));
      float val7 = (*(data1_32768+(alu32+224)));
      float val8 = (*(data1_32768+(alu32+256)));
      float val9 = (*(data1_32768+(alu32+288)));
      float val10 = (*(data1_32768+(alu32+320)));
      float val11 = (*(data1_32768+(alu32+352)));
      float val12 = (*(data1_32768+(alu32+384)));
      float val13 = (*(data1_32768+(alu32+416)));
      float val14 = (*(data1_32768+(alu32+448)));
      float val15 = (*(data1_32768+(alu32+480)));
      float val16 = (*(data1_32768+(alu32+512)));
      float val17 = (*(data1_32768+(alu32+544)));
      float val18 = (*(data1_32768+(alu32+576)));
      float val19 = (*(data1_32768+(alu32+608)));
      float val20 = (*(data1_32768+(alu32+640)));
      float val21 = (*(data1_32768+(alu32+672)));
      float val22 = (*(data1_32768+(alu32+704)));
      float val23 = (*(data1_32768+(alu32+736)));
      float val24 = (*(data1_32768+(alu32+768)));
      float val25 = (*(data1_32768+(alu32+800)));
      float val26 = (*(data1_32768+(alu32+832)));
      float val27 = (*(data1_32768+(alu32+864)));
      float val28 = (*(data1_32768+(alu32+896)));
      float val29 = (*(data1_32768+(alu32+928)));
      float val30 = (*(data1_32768+(alu32+960)));
      float val31 = (*(data1_32768+(alu32+992)));
      *(acc0+0) = ((*(acc0+0))+val1);
      *(acc0+1) = ((*(acc0+1))+val2);
      *(acc0+2) = ((*(acc0+2))+val0);
      *(acc0+3) = ((*(acc0+3))+val3);
      *(acc0+4) = ((*(acc0+4))+val4);
      *(acc0+5) = ((*(acc0+5))+val5);
      *(acc0+6) = ((*(acc0+6))+val6);
      *(acc0+7) = ((*(acc0+7))+val7);
      *(acc0+8) = ((*(acc0+8))+val8);
      *(acc0+9) = ((*(acc0+9))+val9);
      *(acc0+10) = ((*(acc0+10))+val10);
      *(acc0+11) = ((*(acc0+11))+val11);
      *(acc0+12) = ((*(acc0+12))+val12);
      *(acc0+13) = ((*(acc0+13))+val13);
      *(acc0+14) = ((*(acc0+14))+val14);
      *(acc0+15) = ((*(acc0+15))+val15);
      *(acc0+16) = ((*(acc0+16))+val16);
      *(acc0+17) = ((*(acc0+17))+val17);
      *(acc0+18) = ((*(acc0+18))+val18);
      *(acc0+19) = ((*(acc0+19))+val19);
      *(acc0+20) = ((*(acc0+20))+val20);
      *(acc0+21) = ((*(acc0+21))+val21);
      *(acc0+22) = ((*(acc0+22))+val22);
      *(acc0+23) = ((*(acc0+23))+val23);
      *(acc0+24) = ((*(acc0+24))+val24);
      *(acc0+25) = ((*(acc0+25))+val25);
      *(acc0+26) = ((*(acc0+26))+val26);
      *(acc0+27) = ((*(acc0+27))+val27);
      *(acc0+28) = ((*(acc0+28))+val28);
      *(acc0+29) = ((*(acc0+29))+val29);
      *(acc0+30) = ((*(acc0+30))+val30);
      *(acc0+31) = ((*(acc0+31))+val31);
    }
    float alu66 = (((*(acc0+0))<0.0f)?0.0f:(*(acc0+0)));
    float alu67 = (((*(acc0+1))<0.0f)?0.0f:(*(acc0+1)));
    float alu68 = (((*(acc0+2))<0.0f)?0.0f:(*(acc0+2)));
    float alu69 = (((*(acc0+3))<0.0f)?0.0f:(*(acc0+3)));
    float alu70 = (((*(acc0+4))<0.0f)?0.0f:(*(acc0+4)));
    float alu71 = (((*(acc0+5))<0.0f)?0.0f:(*(acc0+5)));
    float alu72 = (((*(acc0+6))<0.0f)?0.0f:(*(acc0+6)));
    float alu73 = (((*(acc0+7))<0.0f)?0.0f:(*(acc0+7)));
    float alu74 = (((*(acc0+8))<0.0f)?0.0f:(*(acc0+8)));
    float alu75 = (((*(acc0+9))<0.0f)?0.0f:(*(acc0+9)));
    float alu76 = (((*(acc0+10))<0.0f)?0.0f:(*(acc0+10)));
    float alu77 = (((*(acc0+11))<0.0f)?0.0f:(*(acc0+11)));
    float alu78 = (((*(acc0+12))<0.0f)?0.0f:(*(acc0+12)));
    float alu79 = (((*(acc0+13))<0.0f)?0.0f:(*(acc0+13)));
    float alu80 = (((*(acc0+14))<0.0f)?0.0f:(*(acc0+14)));
    float alu81 = (((*(acc0+15))<0.0f)?0.0f:(*(acc0+15)));
    float alu82 = (((*(acc0+16))<0.0f)?0.0f:(*(acc0+16)));
    float alu83 = (((*(acc0+17))<0.0f)?0.0f:(*(acc0+17)));
    float alu84 = (((*(acc0+18))<0.0f)?0.0f:(*(acc0+18)));
    float alu85 = (((*(acc0+19))<0.0f)?0.0f:(*(acc0+19)));
    float alu86 = (((*(acc0+20))<0.0f)?0.0f:(*(acc0+20)));
    float alu87 = (((*(acc0+21))<0.0f)?0.0f:(*(acc0+21)));
    float alu88 = (((*(acc0+22))<0.0f)?0.0f:(*(acc0+22)));
    float alu89 = (((*(acc0+23))<0.0f)?0.0f:(*(acc0+23)));
    float alu90 = (((*(acc0+24))<0.0f)?0.0f:(*(acc0+24)));
    float alu91 = (((*(acc0+25))<0.0f)?0.0f:(*(acc0+25)));
    float alu92 = (((*(acc0+26))<0.0f)?0.0f:(*(acc0+26)));
    float alu93 = (((*(acc0+27))<0.0f)?0.0f:(*(acc0+27)));
    float alu94 = (((*(acc0+28))<0.0f)?0.0f:(*(acc0+28)));
    float alu95 = (((*(acc0+29))<0.0f)?0.0f:(*(acc0+29)));
    float alu96 = (((*(acc0+30))<0.0f)?0.0f:(*(acc0+30)));
    float alu97 = (((*(acc0+31))<0.0f)?0.0f:(*(acc0+31)));
    *(data0_32+Lidx2) = (alu66+alu67+alu68+alu69+alu70+alu71+alu72+alu73+alu74+alu75+alu76+alu77+alu78+alu79+alu80+alu81+alu82+alu83+alu84+alu85+alu86+alu87+alu88+alu89+alu90+alu91+alu92+alu93+alu94+alu95+alu96+alu97);
  }
}
