#define INFINITY (__int_as_float(0x7f800000))
#define NAN (__int_as_float(0x7fffffff))
template <class T, class F> __device__ __forceinline__ T tg_bitcast(F v) { union U { F f; T t; }; U u; u.f = v; return u.t; }
extern "C" __global__ void __launch_bounds__(8) E_8_4n2(float* data0_32, float* data1_32, float* data2_32) {
  int lidx0 = threadIdx.x; /* 8 */
  int alu0 = (lidx0<<2);
  float4 val0 = (*((float4*)((data1_32+alu0))));
  float4 val1 = (*((float4*)((data2_32+alu0))));
  *((float4*)((data0_32+alu0))) = make_float4((val0.x+val1.x),(val0.y+val1.y),(val0.z+val1.z),(val0.w+val1.w));
}
---
#define INFINITY (__int_as_float(0x7f800000))
#define NAN (__int_as_float(0x7fffffff))
template <class T, class F> __device__ __forceinline__ T tg_bitcast(F v) { union U { F f; T t; }; U u; u.f = v; return u.t; }
extern "C" __global__ void __launch_bounds__(8) E_8_4n3(float* data0_32, float* data1_32, float* data2_32) {
  int lidx0 = threadIdx.x; /* 8 */
  int alu0 = (lidx0<<2);
  float4 val0 = (*((float4*)((data1_32+alu0))));
  float4 val1 = (*((float4*)((data2_32+alu0))));
  *((float4*)((data0_32+alu0))) = make_float4((val0.x+val1.x),(val0.y+val1.y),(val0.z+val1.z),(val0.w+val1.w));
}
