#define INFINITY (__int_as_float(0x7f800000))
#define NAN (__int_as_float(0x7fffffff))
template <class T, class F> __device__ __forceinline__ T tg_bitcast(F v) { union U { F f; T t; }; U u; u.f = v; return u.t; }
extern "C" __global__ void __launch_bounds__(16) r_16n1(float* data0_1, float* data1_16) {
  __shared__ __align__(16) float temp0[16];
  float acc0[1];
  int lidx0 = threadIdx.x; /* 16 */
  float val0 = (*(data1_16+lidx0));
  *(temp0+lidx0) = val0;
  __syncthreads();
  *(acc0+0) = 0.0f;
  for (int Ridx101 = 0; Ridx101 < 16; Ridx101++) {
    float val1 = (*(temp0+Ridx101));
    *(acc0+0) = ((*(acc0+0))+val1);
  }
  bool alu5 = (lidx0==0);
  if (alu5) {
    *(data0_1+0) = -sqrt((*(acc0+0)));
  }
}
