#define INFINITY (__int_as_float(0x7f800000))
#define NAN (__int_as_float(0x7fffffff))
template <class T, class F> __device__ __forceinline__ T tg_bitcast(F v) { union U { F f; T t; }; U u; u.f = v; return u.t; }
extern "C" __global__ void __launch_bounds__(16) r_32_16_32_2(float* data0_32, float* data1_32768) {
  __shared__ __align__(16) float temp0[16];
  float acc0[1];
  float acc1[1];
  float acc2[1];
  int gidx0 = blockIdx.x; /* 32 */
  int lidx0 = threadIdx.x; /* 16 */
  *(acc1+0) = 0.0f;
  for (int Ridx1 = 0; Ridx1 < 2; Ridx1++) {
    *(acc0+0) = 0.0f;
    for (int Ridx0 = 0; Ridx0 < 32; Ridx0++) {
      float val0 = (*(data1_32768+((lidx0<<6)+(Ridx1<<5)+Ridx0+(gidx0<<10))));
      *(acc0+0) = ((*(acc0+0))+val0);
    }
    float alu4 = (((*(acc0+0))<0.0f)?0.0f:(*(acc0+0)));
    *(acc1+0) = ((*(acc1+0))+alu4);
  }
  *(temp0+lidx0) = (*(acc1+0));
  __syncthreads();
  *(acc2+0) = 0.0f;
  for (int Ridx103 = 0; Ridx103 < 16; Ridx103++) {
    float val1 = (*(temp0+Ridx103));
    *(acc2+0) = ((*(acc2+0))+val1);
  }
  bool alu12 = (lidx0==0);
  if (alu12) {
    *(data0_32+gidx0) = (*(acc2+0));
  }
}
