#define INFINITY (__int_as_float(0x7f800000))
#define NAN (__int_as_float(0x7fffffff))
template <class T, class F> __device__ __forceinline__ T tg_bitcast(F v) { union U { F f; T t; }; U u; u.f = v; return u.t; }
extern "C" __global__ void __launch_bounds__(1) elementwise_where(float* data0, float* data1) {
  int gidx0 = blockIdx.x; /* 256 */
  float val0 = (*(data0+gidx0));
  float alu0 = ((0.0f<val0)?val0:0.0f);
  *(data1+gidx0) = alu0;
}
